number of sites to be analyzed:  136
Successfully loaded parameter value from MG94YBL087C_YER117W_input
log likelihood =  -1367.6793177294608
Edge derivatives =  [0.002337675498908537, -0.0010365912119252307, -0.002730164094585062, -0.0012745949035878057, -0.006497462202091936, 0.007015164888066028, -0.00010791106087226082, -0.00040043210641561855, 0.00012276163532664187, -0.002274847761616433, 0.00045577185719575253, -0.0009445716885465583]
other derivatives: [-0.01446097  0.0013415   0.00038654  0.00081855 -0.00222826  0.00088676]
Current x array =  [-0.71556362 -0.60170393 -0.98696995  2.13324944 -2.88205306  1.03310549
 -4.06707924 -1.5319756  -1.78318529 -1.81899025 -2.96916408 -3.02233367
 -3.5555586  -2.93823159 -5.46410392 -2.81742559 -2.94775171 -3.68455575]
log likelihood =  -1367.7365806923049
Edge derivatives =  [0.016623715000207376, 0.06978503579425943, 0.12062137603448608, 0.0874431834454204, 0.027333959145718845, 0.010575323149378257, 0.011945842806214822, 0.02795389298512664, 0.006031118894108032, 0.055967175324113605, 0.012894812155187702, 0.017451544685087812]
other derivatives: [ 7.72561179 -0.71649993 -0.28317118 -0.23712801  0.15888872 -0.03296918]
Current x array =  [-0.73002459 -0.60036242 -0.98658341  2.13406799 -2.88428132  1.03399225
 -4.06474157 -1.5330122  -1.78591546 -1.82026484 -2.97566154 -3.0153185
 -3.55566651 -2.93863202 -5.46398116 -2.81970043 -2.94729594 -3.68550032]
log likelihood =  -1367.6793172599755
Edge derivatives =  [0.002376397687499126, -0.000842683406809791, -0.0023873197449645334, -0.0010317449580000415, -0.00640375885714578, 0.00702188311064228, -7.598521722194246e-05, -0.00032350622380314387, 0.0001388730461500138, -0.0021130701208828123, 0.00048651833056556626, -0.0008941961255207256]
other derivatives: [ 0.00795808 -0.00068212 -0.00040927  0.00015916 -0.00177351  0.00081855]
Current x array =  [-0.71560464 -0.60170012 -0.98696885  2.13325176 -2.88205938  1.03310801
 -4.06707261 -1.53197854 -1.78319303 -1.81899386 -2.9691825  -3.02231377
 -3.55555891 -2.93823272 -5.46410357 -2.81743204 -2.94775042 -3.68455843]
      fun: 1367.6793172599755
 hess_inv: <18x18 LbfgsInvHessProduct with dtype=float64>
      jac: array([-7.95807864e-03,  6.82121026e-04,  4.09272616e-04, -1.59161573e-04,
        1.77351467e-03, -8.18545232e-04, -2.37639769e-03,  8.42683407e-04,
        2.38731974e-03,  1.03174496e-03,  6.40375886e-03, -7.02188311e-03,
        7.59852172e-05,  3.23506224e-04, -1.38873046e-04,  2.11307012e-03,
       -4.86518331e-04,  8.94196126e-04])
  message: 'CONVERGENCE: REL_REDUCTION_OF_F_<=_FACTR*EPSMCH'
     nfev: 3
      nit: 1
     njev: 3
   status: 0
  success: True
        x: array([-0.71560464, -0.60170012, -0.98696885,  2.13325176, -2.88205938,
        1.03310801, -4.06707261, -1.53197854, -1.78319303, -1.81899386,
       -2.9691825 , -3.02231377, -3.55555891, -2.93823272, -5.46410357,
       -2.81743204, -2.94775042, -3.68455843])
None
Traceback (most recent call last):
  File "/var/spool/slurmd/job72230/slurm_script", line 48, in <module>
    geneconv.EM_branch_tau()
  File "/home3/txu7/.local/lib/python3.8/site-packages/IGCexpansion/em_pt.py", line 1578, in EM_branch_tau
    self.get_initial_x_process()
  File "/home3/txu7/.local/lib/python3.8/site-packages/IGCexpansion/em_pt.py", line 283, in get_initial_x_process
    self.update_by_x(transformation=transformation)
  File "/home3/txu7/.local/lib/python3.8/site-packages/IGCexpansion/em_pt.py", line 363, in update_by_x
    self.unpack_x_process(Force_process=Force_process, transformation=transformation)
  File "/home3/txu7/.local/lib/python3.8/site-packages/IGCexpansion/em_pt.py", line 449, in unpack_x_process
    self.processes=self.Get_branch_Q(self.id)
  File "/home3/txu7/.local/lib/python3.8/site-packages/IGCexpansion/em_pt.py", line 1268, in Get_branch_Q
    Tgeneconv = ftau*np.power(paralog_id[branch], fk)
TypeError: 'NoneType' object is not subscriptable
