reactor is initialized
create node to conditional likelihoods
create likelihoods
check feasibility
delete likelihoods
create one sample of node to joint ancestral state
respond to a "ance" request
reactor is initialized
create node to conditional likelihoods
create likelihoods
check feasibility
delete likelihoods
create one sample of node to joint ancestral state
respond to a "ance" request
reactor is initialized
create node to conditional likelihoods
create likelihoods
check feasibility
delete likelihoods
create one sample of node to joint ancestral state
respond to a "ance" request
reactor is initialized
create node to conditional likelihoods
create likelihoods
check feasibility
delete likelihoods
create one sample of node to joint ancestral state
respond to a "ance" request
reactor is initialized
create node to conditional likelihoods
create likelihoods
check feasibility
delete likelihoods
create one sample of node to joint ancestral state
respond to a "ance" request
reactor is initialized
create node to conditional likelihoods
create likelihoods
check feasibility
delete likelihoods
create one sample of node to joint ancestral state
respond to a "ance" request
reactor is initialized
create node to conditional likelihoods
create likelihoods
check feasibility
delete likelihoods
create one sample of node to joint ancestral state
respond to a "ance" request
reactor is initialized
create node to conditional likelihoods
create likelihoods
check feasibility
delete likelihoods
create one sample of node to joint ancestral state
respond to a "ance" request
reactor is initialized
create node to conditional likelihoods
create likelihoods
check feasibility
delete likelihoods
create one sample of node to joint ancestral state
respond to a "ance" request
reactor is initialized
create node to conditional likelihoods
create likelihoods
check feasibility
delete likelihoods
create one sample of node to joint ancestral state
respond to a "ance" request
number of sites to be analyzed:  136
Successfully loaded parameter value from MG94YBL087C_YER117W_input
log likelihood =  -1367.6793192803607
Edge derivatives =  [0.002301708736309714, -0.0010674398572525223, -0.003318134784816157, -0.0016778335631821295, -0.006667029086908555, 0.007308908341566445, -5.168592994331603e-05, -0.0004052638666568742, 0.00011418862666043132, -0.00272682944764667, 0.0006352942400026512, -0.0009423811595702034]
other derivatives: [ 0.00861746 -0.00090949 -0.00045475  0.00047748 -0.00272848  0.00081855]
Current x array =  [-0.71560732 -0.60169994 -0.98696631  2.13324247 -2.8820201   1.03309441
 -4.06710957 -1.53196205 -1.78314483 -1.81897037 -2.96907763 -3.02242815
 -3.55555774 -2.93822641 -5.46410547 -2.81739203 -2.94775932 -3.68454347]
log likelihood =  -1367.6996727951
Edge derivatives =  [0.0024080172554295995, -0.016064782872371924, 0.02270022341151056, 0.016202933701804173, 0.000930923005494716, -0.022261160329267116, -0.00862187708083128, -0.007031524192731627, -0.0005952804347479643, 0.0274034566164012, -0.019795677592522973, -0.006084307401410999]
other derivatives: [-4.67903192e+00  4.75824891e-01  1.67824510e-01  1.06524567e-01
  2.91038305e-03  2.18051355e-02]
Current x array =  [-0.70698986 -0.60260944 -0.98742106  2.13371995 -2.88474858  1.03391295
 -4.06480787 -1.53302949 -1.78646296 -1.8206482  -2.97574466 -3.01511924
 -3.55560942 -2.93863167 -5.46399128 -2.82011886 -2.94712403 -3.68548585]
log likelihood =  -1367.6793187367875
Edge derivatives =  [0.002300893198180682, -0.001149421492567193, -0.0031897130198534837, -0.0015921086794232764, -0.00662939930723111, 0.007156257952329104, -9.715647783788486e-05, -0.0004417863294276375, 0.00011012735695164685, -0.002574438313676791, 0.0005272024609334486, -0.0009701381806701062]
other derivatives: [-0.0152113   0.00150067  0.0003638   0.00102318 -0.00270575  0.00088676]
Current x array =  [-0.71556299 -0.60170462 -0.98696865  2.13324492 -2.88203414  1.03309862
 -4.06709773 -1.53196754 -1.7831619  -1.818979   -2.96911193 -3.02239054
 -3.555558   -2.93822849 -5.46410489 -2.81740606 -2.94775605 -3.68454832]
      fun: 1367.6793187367875
 hess_inv: <18x18 LbfgsInvHessProduct with dtype=float64>
      jac: array([ 1.52112989e-02, -1.50066626e-03, -3.63797881e-04, -1.02318154e-03,
        2.70574674e-03, -8.86757334e-04, -2.30089320e-03,  1.14942149e-03,
        3.18971302e-03,  1.59210868e-03,  6.62939931e-03, -7.15625795e-03,
        9.71564778e-05,  4.41786329e-04, -1.10127357e-04,  2.57443831e-03,
       -5.27202461e-04,  9.70138181e-04])
  message: b'CONVERGENCE: REL_REDUCTION_OF_F_<=_FACTR*EPSMCH'
     nfev: 3
      nit: 1
   status: 0
  success: True
        x: array([-0.71556299, -0.60170462, -0.98696865,  2.13324492, -2.88203414,
        1.03309862, -4.06709773, -1.53196754, -1.7831619 , -1.818979  ,
       -2.96911193, -3.02239054, -3.555558  , -2.93822849, -5.46410489,
       -2.81740606, -2.94775605, -3.68454832])
{('N4', 'N5'): [0.5436957664466181, 0.196684646544604], ('N3', 'N4'): [1.584619910131428, 1.4662353879605745], ('N2', 'N3'): [2.185825990291474, 3.151262373549207], ('N1', 'castellii'): [7.464942882195579, 7.309637845058028], ('N1', 'N2'): [7.933445144992326, 7.839100586606805], ('N4', 'mikatae'): [2.356505923616157, 3.598917166029588], ('N5', 'paradoxus'): [0.6339025555306445, 2.4457831597136375], ('N2', 'bayanus'): [5.042660603310528, 3.3335434063826392], ('N0', 'N1'): [0.08913343745990812, 0.08913343745990812], ('N0', 'kluyveri'): [0.0, 0.0], ('N5', 'cerevisiae'): [8.270586393300215, 1.7348745227435545], ('N3', 'kudriavzevii'): [4.049603640215829, 2.445736152788349]}
[16.0, 16.0, 113.5, 121.0, 227.0, 177.5, 277.0, 274.5, 292.0, 347.5, 269.5, 299.5]
[136, 2.809758735089638, 8.442216754046663, 2.3571429096775143, 0, 3.103024375805978, 2.959227633714652, 2.291306605926297, 4.8108097158884116, 1.966298715019322, 2.2363149666028703, 3.045590675878909, 1.4719156255394727, 3.5782112731908606, 2.060334986714933, 1.6, 1.6, 11.35, 12.1, 22.7, 17.75, 27.7, 27.45, 29.2, 34.75, 26.95, 29.95, 0.17826687491981202, 0.0, 15.772545731599129, 14.774580727253587, 5.3370883638406905, 8.376204009693181, 3.0508552980920056, 6.49533979300416, 0.740380412991229, 5.95542308964575, 10.005460916043775, 3.079685715244292, 0.01712702363917464, 0.21611004264399686, 0.16810577293075327, 0.16219126381849325, 0.051348891345675586, 0.048684696245781964, 0.028565430891383414, 0.05295946369126909, 0.0042361311727388395, 0.05976075764263516, 0.05245728529429942, 0.025108513284787203, 4.415733351331126, 0.0, 30.23667140387449, 30.78288597196713, 45.36178279640015, 35.76321901398693, 54.31644461741507, 54.8435206889952, 57.38706145370693, 67.70388807224265, 53.3046760634651, 59.53160109729524]
Traceback (most recent call last):
  File "/var/lib/slurm-llnl/slurmd/job2136236/slurm_script", line 49, in <module>
    self.get_paralog_diverge()
  File "/home3/txu7/.local/lib/python3.5/site-packages/IGCexpansion/acR.py", line 721, in get_paralog_diverge
    save_nameP = "./save/"+name +'.txt'
NameError: name 'name' is not defined
