number of sites to be analyzed:  136
Successfully loaded parameter value from MG94YBL087C_YER117W_input
log likelihood =  -1367.6793182211784
Edge derivatives =  [0.0023436614586120133, -0.0009407454608227894, -0.002811504584253409, -0.001319621793019754, -0.006531217456008376, 0.007165567435920617, -6.33657453639469e-05, -0.0003602469999502145, 0.0001274504748138153, -0.0023949370117916507, 0.0005583096577650992, -0.0009176589515807673]
other derivatives: [ 0.00825366 -0.00070486 -0.00045475  0.00031832 -0.00220552  0.00084128]
Current x array =  [-0.71560587 -0.60170032 -0.98696762  2.13324781 -2.88204177  1.03310119
 -4.06709124 -1.53197079 -1.7831709  -1.81898349 -2.96913065 -3.02237034
 -3.55555828 -2.93822974 -5.46410457 -2.81741333 -2.94775457 -3.68455105]
log likelihood =  -1367.69791853693
Edge derivatives =  [0.0014122475108658272, -0.0188105974884476, 0.014055926041939192, 0.00859019821481874, 0.00031103921319101946, -0.022143166775952405, -0.008521607506508114, -0.007780912629113464, -0.0007162538009316058, 0.021538651655452573, -0.01894549820009729, -0.005945650840168563]
other derivatives: [-4.48414994  0.40022314  0.16698323  0.10643362 -0.00720775  0.01687113]
Current x array =  [-0.7073522  -0.60240518 -0.98742237  2.13356613 -2.8842473   1.03394247
 -4.06474758 -1.53291153 -1.78598241 -1.82030312 -2.97566187 -3.01520477
 -3.55562164 -2.93858999 -5.46397712 -2.81980826 -2.94719626 -3.68546871]
log likelihood =  -1367.6793177294608
Edge derivatives =  [0.002337675498909484, -0.0010365912119234266, -0.0027301640945848055, -0.0012745949035896653, -0.0064974622020936845, 0.007015164888066805, -0.00010791106087094243, -0.000400432106417159, 0.00012276163532696192, -0.0022748477616156004, 0.00045577185719966606, -0.0009445716885482167]
other derivatives: [-0.01446097  0.0013415   0.00038654  0.00081855 -0.002251    0.00088676]
Current x array =  [-0.71556362 -0.60170393 -0.98696995  2.13324944 -2.88205306  1.03310549
 -4.06707924 -1.5319756  -1.78318529 -1.81899025 -2.96916408 -3.02233367
 -3.5555586  -2.93823159 -5.46410392 -2.81742559 -2.94775171 -3.68455575]
      fun: 1367.6793177294608
 hess_inv: <18x18 LbfgsInvHessProduct with dtype=float64>
      jac: array([ 0.01446097, -0.0013415 , -0.00038654, -0.00081855,  0.002251  ,
       -0.00088676, -0.00233768,  0.00103659,  0.00273016,  0.00127459,
        0.00649746, -0.00701516,  0.00010791,  0.00040043, -0.00012276,
        0.00227485, -0.00045577,  0.00094457])
  message: 'CONVERGENCE: REL_REDUCTION_OF_F_<=_FACTR*EPSMCH'
     nfev: 3
      nit: 1
     njev: 3
   status: 0
  success: True
        x: array([-0.71556362, -0.60170393, -0.98696995,  2.13324944, -2.88205306,
        1.03310549, -4.06707924, -1.5319756 , -1.78318529, -1.81899025,
       -2.96916408, -3.02233367, -3.5555586 , -2.93823159, -5.46410392,
       -2.81742559, -2.94775171, -3.68455575])
None
Traceback (most recent call last):
  File "/var/spool/slurmd/job71964/slurm_script", line 48, in <module>
    geneconv.EM_branch_tau()
  File "/home3/txu7/.local/lib/python3.8/site-packages/IGCexpansion/em_pt.py", line 1578, in EM_branch_tau
    self.get_initial_x_process()
  File "/home3/txu7/.local/lib/python3.8/site-packages/IGCexpansion/em_pt.py", line 283, in get_initial_x_process
    self.update_by_x(transformation=transformation)
  File "/home3/txu7/.local/lib/python3.8/site-packages/IGCexpansion/em_pt.py", line 363, in update_by_x
    self.unpack_x_process(Force_process=Force_process, transformation=transformation)
  File "/home3/txu7/.local/lib/python3.8/site-packages/IGCexpansion/em_pt.py", line 449, in unpack_x_process
    self.processes=self.Get_branch_Q(self.id)
  File "/home3/txu7/.local/lib/python3.8/site-packages/IGCexpansion/em_pt.py", line 1268, in Get_branch_Q
    Tgeneconv = ftau*np.power(paralog_id[branch], fk)
TypeError: 'NoneType' object is not subscriptable
